mads 2.0.6 build 58 (28 Jan 17)
Source: C:\jac\wudsn\Workspace\Atari800\asm_t2\2019\a01\__RUN__.asm
     1 					ICL 'macro.asm'
Source: C:\jac\wudsn\Workspace\Atari800\asm_t2\2019\a01\macro.asm
     1 				.MACRO REG_PUSH 
     2 					pha
     3 					txa
     4 					pha
     5 					tya
     6 					pha
     7 				.ENDM
     8
     9 				.MACRO REG_PULL
    10 					pla
    11 					tay
    12 					pla
    13 					tax
    14 					pla
    15 				.ENDM
    16
    17 				.MACRO SLEEP frames
    18 					lda RTCLOCK_0
    19 					add #:frames
    20 				SLEEP_LOOP:
    21 					cmp RTCLOCK_0
    22 					bne SLEEP_LOOP
    23 					nop
    24 				.ENDM
    25
    26 				.MACRO LINE_SPACE_9_CYCLES
    27 					nop
    28 					nop
    29 					nop
    30 					sta bar_color20	; 3 cycles
    31 				.ENDM
    32
    33 				.MACRO LINE_SPACE_10_CYCLES
    34 					nop
    35 					nop
    36 					nop
    37 					nop
    38 					nop
    39 				.ENDM
    40
    41 				.MACRO LINE_SPACE_11_CYCLES
    42 					nop
    43 					nop
    44 					nop
    45 					nop
    46 					sta bar_color20	; 3 cycles
    47 				.ENDM
    48
    49 				.MACRO LINE_WAIT
    50 					sta WSYNC	;WAIT
    51 				.ENDM
    52
    53 				.MACRO LINE_COLOR_CALC
    54 					inx
    55 					dey
    56 				.ENDM
    57
    58 				.MACRO LINE_NOP_HALF
    59 					LINE_WAIT
    60 				
    61 					;; 4 nops
    62 					LINE_COLOR_CALC
    63 					
    64 					LINE_NOP_SPACE_1
    65 					
    66 					sta bar_color20	; 3 cycles
    67 					stx DLI_PAPER	; 4 cycles
    68 				;	stx DLI_PEN	; 4 cycles
    69 					LINE_NOP_SPACE_2
    70 					sty DLI_PAPER	; 4 cycles
    71 				;	sty DLI_PEN	; 4 cycles
    72 				.ENDM
    73
    74 				.MACRO LINE_NOP_NORMAL
    75 					LINE_WAIT
    76 					LINE_COLOR_CALC
    77 					sty COLPM0
    78 					sty COLPM1
    79 					sty COLPM2
    80 					sty COLPM3
    81 					stx DLI_PAPER	; 4 cycles
    82 					LINE_SPACE_10_CYCLES
    83 					nop
    84 					sty DLI_PAPER	; 4 cycles
    85 				.ENDM
    86
    87 				.MACRO LINE_NOP_SHORT
    88 					LINE_WAIT
    89 					LINE_COLOR_CALC
    90 					sty COLPM0
    91 					sty COLPM1
    92 					sty COLPM2
    93 					sty COLPM3
    94 					stx DLI_PAPER	; 4 cycles
    95 					LINE_SPACE_10_CYCLES
    96 					sty DLI_PAPER	; 4 cycles
    97 				.ENDM
    98
    99 				.MACRO LINE_NOP_LAST
   100 					LINE_WAIT
   101 					stx DLI_PAPER	; 4 cycles
   102 					lda #1
   103 					sta COLPM0
   104 					sta COLPM1
   105 					sta COLPM2
   106 					sta COLPM3
   107 					LINE_SPACE_10_CYCLES
   108 					nop
   109 					sty DLI_PAPER	; 4 cycles
   110 				.ENDM
   111
   112 				.MACRO DLI_ENABLE handler
   113 					mwa #:handler VDSLST
   114 					mwa #:handler nmi_dli_handler_vector
   115 					lda #$c0
   116 					sta NMIEN
   117 				.ENDM
   118
   119 				.MACRO DLI_DISABLE
   120 					mwa #dli_pass VDSLST
   121 					mwa #dli_pass nmi_dli_handler_vector
   122 				;	lda #$40
   123 					lda #$40
   124 					sta NMIEN
   125 				.ENDM
     2 					ICL '../lib/memory_map.asm'
Source: C:\jac\wudsn\Workspace\Atari800\asm_t2\2019\a01\..\lib\memory_map.asm
     1 = 0012			RTCLOCK_2 = $12
     2 = 0013			RTCLOCK_1 = $13
     3 = 0014			RTCLOCK_0 = $14
     4
     5 				;DLIST   = $230
     6 				;DLISTL  = $230 ; display list pointer low byte
     7 				;DLISTH  = $231 ;                      high byte
     8
     9 = D402			DLIST	= $D402
    10 = D402			DLISTL	= $D402
    11 = D403			DLISTH	= $D403
    12
    13
    14 = 02C8			COLRBK  = $2C8
    15
    16 = D016			COLPF0	= $D016  
    17 = D017			COLPF1	= $D017  
    18 = D018			COLPF2	= $D018  
    19 = D019			COLPF3	= $D019
    20 = D01A			COLBG	= $D01A 
    21
    22 = 02C4			COLOR0	= $02C4
    23 = 02C5			COLOR1	= $02C5
    24 = 02C6			COLOR2	= $02C6
    25 = 02C7			COLOR3	= $02C7
    26 = 02C8			COLOR4 	= $02C8
    27
    28 				;SDMCTL  = $022F
    29 				;DMACTLS = $022F
    30
    31 = 0001			DMACTL_PLAYFIELD_NARROW = 1
    32 = 0002			DMACTL_PLAYFIELD_NORMAL = 2
    33 = 0003			DMACTL_PLAYFIELD_WIDE   = 3
    34 = 0004			DMACTL_DMA_MISSLE       = 4
    35 = 0008			DMACTL_DMA_PLAYER       = 8
    36 = 0010			DMACTL_SINGLE_LINE_RES  = 16
    37 = 0020			DMACTL_DMA_DLI          = 32
    38 = 0080			NMIEN_DLI   = 128
    39 = 0040			NMIEN_VBI   = 64
    40 = 0020			NMIEN_RESET = 32
    41
    42
    43 = D400			DMACTL  = $D400
    44 = 0200			VDSLST  = $0200 ; display list interrupt vector
    45 = D40E			NMEN	= $D40E
    46 = D40E			NMIEN	= $D40E ; bit 7
    47 = FFFA			NMIVECT = $FFFA
    48 = D40A			WSYNC   = $D40A
    49 = D40B			VCOUNT  = $D40B
    50 = D40F			NMIST 	= $D40F ; read
    51 = D40F			NMIRES  = $D40F ; write
    52 = D301			PORTB	= $D301
    53
    54 = 02C5			GR8_PEN   = COLOR1
    55 = 02C6			GR8_PAPER = COLOR2
    56 = 02C8			GR8_FRAME = COLOR4 
    57
    58 = D017			DLI_PEN   = COLPF1
    59 = D018			DLI_PAPER = COLPF2
    60 = D01A			DLI_FRAME = COLBG 
    61
    62 = 0000			COLOR_BLACK = $00
    63 = 000E			COLOR_WHITE = $0E
    64 = 00AC			COLOR_CYAN  = $AC
    65 = 0033			COLOR_RED   = $33
    66 = 00C4			COLOR_GREEN = $C4
    67 = 0094			COLOR_BLUE  = $94
    68 = 001F			COLOR_YELLOW= $1F
    69
    70 = D012			COLPM0	= $D012
    71 = D013			COLPM1	= $D013
    72 = D014			COLPM2	= $D014
    73 = D015			COLPM3	= $D015
    74
    75 				;COLPM0S	= $02C0
    76 				;COLPM1S	= $02C1
    77 				;COLPM2S	= $02C2
    78 				;COLPM3S	= $02C3
    79
    80
    81 = D008			SIZEP0	= $D008
    82 = D009			SIZEP1	= $D009
    83 = D00A			SIZEP2	= $D00A
    84 = D00B			SIZEP3	= $D00B
    85
    86 = D00C			SIZEM	= $D00C
    87
    88 = D000			HPOSP0	= $D000
    89 = D001			HPOSP1	= $D001
    90 = D002			HPOSP2	= $D002
    91 = D003			HPOSP3	= $D003
    92
    93 = D004			HPOSM0	= $D004
    94 = D005			HPOSM1	= $D005
    95 = D006			HPOSM2	= $D006
    96 = D007			HPOSM3	= $D007
    97
    98 = D01C			VDELAY	= $D01C
    99
   100 = D01B			PRIOR   = $D01B
   101 = D01B			GTIACTL	= $D01B
   102 = 026F			GTIACTLS = $026F
   103
   104 = D01D			GRACTL  = $D01D
   105 = D01D			PMCTL	= $D01D
   106
   107 = D407			PMBASE = $D407
   108
   109 				;     SAVMSC $0058,2       (88): pointer to current screen for CIO commands
   110 				;     RAMTOP $006A        (106): start-of-ROM pointer (MSB only)
   111 				;     VDSLST $0200,2      (512): DLI vector
   112 				;     RAMSIZ $02E4        (740): permanent start-of-ROM pointer (MSB only)
   113 				;     DLISTL $D402      (54274): display list pointer low byte
   114 				;     DLISTH $D403      (54275):     "    high byte
   115 				;     HSCROL $D404      (54276): horizontal scroll register
   116 				;     VSCROL $D405      (54277): vertical scroll register
   117 				;     NMIEN  $D40E      (54286): NMI enable (DLIs)
   118 				;     
   119 				;     
   120 				;                               Shadow registers
   121 				;     
   122 				;     
   123 				;     SDLSTL $0230        (560): DLISTL
   124 				;     SDLSTH $0231        (561): DLISTH
     3
     4 					org $2000
     5
     6 					.proc main
     7 					
     8 FFFF> 2000-22B6> 20 78 + 	jsr nmi_set
     9
    10 2003 20 98 39			jsr dl_set_mode
    11 2006 20 CD 20			jsr part_test1
    12 					
    13 2009 60				rts
    14
    15 					.endp
    16 					
    17 200A				ICL 'wait_vsync.asm'
Source: C:\jac\wudsn\Workspace\Atari800\asm_t2\2019\a01\wait_vsync.asm
     1
     2
     3 200A			wait_hsync:
     4
     5 200A 48				pha
     6
     7 200B A9 52			lda #$52
     8 200D 8D 0A D4			sta WSYNC	;WAIT
     9 2010 68				pla
    10
    11 2011 60				rts
    12
    13
    14 2012			wait_vsync:
    15 2012 48				pha
    16 2013			wait_vsync_loop:
    17 2013 AD 0B D4			lda VCOUNT
    18 2016 C9 64			cmp #100
    19 2018 D0 F9			bne wait_vsync_loop 
    20 					
    21 201A 68				pla
    22 201B 60				rts
    23 					
    18 201C				ICL 'func.asm'
Source: C:\jac\wudsn\Workspace\Atari800\asm_t2\2019\a01\func.asm
     1 				; copy 256 byte block from src to dst
     2
     3 201C			memcopy_block_func:
     4 201C				REG_PUSH
Macro: REG_PUSH [Source: C:\jac\wudsn\Workspace\Atari800\asm_t2\2019\a01\macro.asm]
     1 201C 48				pha
     2 201D 8A				txa
     3 201E 48				pha
     4 201F 98				tya
     5 2020 48				pha
Source: C:\jac\wudsn\Workspace\Atari800\asm_t2\2019\a01\func.asm
     5
     6 2021 A0 00			ldy #0
     7 2023			memcopy_block_loop:	
     8 2023 B1 EC		 	lda (memcopy_block_src),y
     9 2025 91 EE		 	sta (memcopy_block_dst),y
    10 2027 C8			 	iny
    11 2028 D0 F9		 	bne memcopy_block_loop
    12
    13 202A			 	REG_PULL
Macro: REG_PULL [Source: C:\jac\wudsn\Workspace\Atari800\asm_t2\2019\a01\macro.asm]
     1 202A 68				pla
     2 202B A8				tay
     3 202C 68				pla
     4 202D AA				tax
     5 202E 68				pla
Source: C:\jac\wudsn\Workspace\Atari800\asm_t2\2019\a01\func.asm
    14 202F 60			 	rts
    15
    16 				.MACRO MEMCOPY_BLOCK src dst
    17 					mwa #:src memcopy_block_src
    18 					mwa #:dst memcopy_block_dst
    19 					
    20 					jsr memcopy_block_func
    21 				.ENDM
    22
    23 2030			memcopy_screen_func:
    24 2030				REG_PUSH
Macro: REG_PUSH [Source: C:\jac\wudsn\Workspace\Atari800\asm_t2\2019\a01\macro.asm]
     1 2030 48				pha
     2 2031 8A				txa
     3 2032 48				pha
     4 2033 98				tya
     5 2034 48				pha
Source: C:\jac\wudsn\Workspace\Atari800\asm_t2\2019\a01\func.asm
    25 					
    26 2035 A2 1E			ldx #30
    27 2037			memcopy_screen_func_loop:
    28 2037 20 1C 20			jsr memcopy_block_func
    29 203A A5 ED			lda memcopy_block_src+1
    30 203C 69 01			adc #1
    31 203E 85 ED			sta memcopy_block_src+1	
    32 2040 A5 EF			lda memcopy_block_dst+1
    33 2042 69 01			adc #1
    34 2044 85 EF			sta memcopy_block_dst+1	
    35 2046 CA				dex
    36 2047 D0 EE			bne memcopy_screen_func_loop
    37 					
    38 2049				REG_PULL
Macro: REG_PULL [Source: C:\jac\wudsn\Workspace\Atari800\asm_t2\2019\a01\macro.asm]
     1 2049 68				pla
     2 204A A8				tay
     3 204B 68				pla
     4 204C AA				tax
     5 204D 68				pla
Source: C:\jac\wudsn\Workspace\Atari800\asm_t2\2019\a01\func.asm
    39 204E 60				rts
    40
    41 				.MACRO MEMCOPY_SCREEN src dst
    42 					mwa #:src memcopy_block_src
    43 					mwa #:dst memcopy_block_dst
    44 					
    45 					jsr memcopy_screen_func	
    46 				.ENDM
    47
    48 204F			screen_clear:
    49 204F				REG_PUSH
Macro: REG_PUSH [Source: C:\jac\wudsn\Workspace\Atari800\asm_t2\2019\a01\macro.asm]
     1 204F 48				pha
     2 2050 8A				txa
     3 2051 48				pha
     4 2052 98				tya
     5 2053 48				pha
Source: C:\jac\wudsn\Workspace\Atari800\asm_t2\2019\a01\func.asm
    50 2054 A5 F6 8D 65 20 A5 + 	mwa screen_adr screen_clear_loop_2+1
    51 205E A9 00			lda #0
    52 2060 A2 1E			ldx #30
    53 2062			screen_clear_loop_1
    54 2062 A0 00			ldy #0	
    55 2064			screen_clear_loop_2	
    56 2064 99 00 00			sta $0000,y
    57 2067 C8				iny
    58 2068 D0 FA			bne screen_clear_loop_2
    59 206A EE 66 20			inc screen_clear_loop_2+2
    60 206D CA				dex
    61 206E D0 F4			bne screen_clear_loop_2
    62 2070				REG_PULL
Macro: REG_PULL [Source: C:\jac\wudsn\Workspace\Atari800\asm_t2\2019\a01\macro.asm]
     1 2070 68				pla
     2 2071 A8				tay
     3 2072 68				pla
     4 2073 AA				tax
     5 2074 68				pla
Source: C:\jac\wudsn\Workspace\Atari800\asm_t2\2019\a01\func.asm
    63 2075 60				rts	
    64
    65 2076			screen_fill:
    66 2076				REG_PUSH
Macro: REG_PUSH [Source: C:\jac\wudsn\Workspace\Atari800\asm_t2\2019\a01\macro.asm]
     1 2076 48				pha
     2 2077 8A				txa
     3 2078 48				pha
     4 2079 98				tya
     5 207A 48				pha
Source: C:\jac\wudsn\Workspace\Atari800\asm_t2\2019\a01\func.asm
    67 207B A5 F6 8D 8C 20 A5 + 	mwa screen_adr screen_fill_loop_2+1
    68 2085 A9 FF			lda #255
    69 2087 A2 1E			ldx #30
    70 2089			screen_fill_loop_1
    71 2089 A0 00			ldy #0	
    72 208B			screen_fill_loop_2	
    73 208B 99 00 00			sta $0000,y
    74 208E C8				iny
    75 208F D0 FA			bne screen_fill_loop_2
    76 2091 EE 8D 20			inc screen_fill_loop_2+2
    77 2094 CA				dex
    78 2095 D0 F4			bne screen_fill_loop_2
    79 2097				REG_PULL
Macro: REG_PULL [Source: C:\jac\wudsn\Workspace\Atari800\asm_t2\2019\a01\macro.asm]
     1 2097 68				pla
     2 2098 A8				tay
     3 2099 68				pla
     4 209A AA				tax
     5 209B 68				pla
Source: C:\jac\wudsn\Workspace\Atari800\asm_t2\2019\a01\func.asm
    80 209C 60				rts	
    81
    82 					
    83 209D			screen_set_read_1:
    84 					; load display list address to register
    85 209D A9 00 8D 02 D4 A9 + 	mwa #dl_antic_1 DLIST
    86 20A7 60				rts
    87 20A8			screen_set_write_1:
    88 					; switch working buffer pointer
    89 20A8 A9 00 85 F6 A9 40 + 	mwa #screen_mem_1 screen_adr
    90 20B0 60				rts
    91
    92 20B1			screen_set_read_2:
    93 					; load display list address to register
    94 20B1 A9 CC 8D 02 D4 A9 + 	mwa #dl_antic_2 DLIST
    95 20BB 60				rts
    96 20BC			screen_set_write_2:	
    97 					; switch working buffer pointer
    98 20BC A9 00 85 F6 A9 58 + 	mwa #screen_mem_2 screen_adr
    99 20C4 60				rts
   100 					
    19 20C5				ICL 'part_test1.asm'
Source: C:\jac\wudsn\Workspace\Atari800\asm_t2\2019\a01\part_test1.asm
     1 20C5 00			part_test1_x dta 0
     2 20C6 00			part_test1_y dta 0
     3 20C7 00			part_test1_d dta 0
     4 20C8 00			TMPCLR dta 0
     5
     6 20C9 00			part_test1_tmpx dta 0
     7 20CA 00			part_test1_tmpy dta 0
     8 20CB 00			part_test1_sync: dta 0
     9 20CC 00			part_test1_line: dta 0
    10
    11
    12 20CD			part_test1:
    13 20CD				DLI_ENABLE part_test1_dli_handler
Macro: DLI_ENABLE [Source: C:\jac\wudsn\Workspace\Atari800\asm_t2\2019\a01\macro.asm]
     1 20CD A9 B6 8D 00 02 A9 + 	mwa #PART_TEST1_DLI_HANDLER VDSLST
     2 20D7 A9 B6 8D A2 22 A9 + 	mwa #PART_TEST1_DLI_HANDLER nmi_dli_handler_vector
     3 20E1 A9 C0			lda #$c0
     4 20E3 8D 0E D4			sta NMIEN
Source: C:\jac\wudsn\Workspace\Atari800\asm_t2\2019\a01\part_test1.asm
    14
    15 20E6 A9 00			lda #COLOR_BLACK     
    16 20E8 8D C5 02			sta GR8_PEN
    17 20EB A9 00			lda #COLOR_BLACK     
    18 20ED 8D C6 02			sta GR8_PAPER
    19 20F0 A9 00			lda #COLOR_BLACK     
    20 20F2 8D C8 02			sta GR8_FRAME
    21 					
    22 20F5 A9 0E			lda #COLOR_WHITE
    23 20F7 8D C5 02			sta COLOR1
    24 20FA A9 00			lda #COLOR_BLACK
    25 20FC 8D C6 02			sta COLOR2
    26
    27 20FF 20 A8 20			jsr screen_set_write_1
    28 2102 20 9D 20			jsr screen_set_read_1
    29 					
    30 				;	MEMCOPY_SCREEN image_data_unicorn screen_mem_1
    31 					
    32 2105				PM_SHOW
Macro: PM_SHOW [Source: C:\jac\wudsn\Workspace\Atari800\asm_t2\2019\a01\ghosts.asm]
     2 2105 A9 60			lda #$60
     3 2107 8D 07 D4			sta PMBASE	; PMBASE
     5 210A A9 01			lda #1
     6 210C 8D 1B D0			sta GTIACTL		; GTIACTLS
     9 210F A9 00			lda #0
    10 2111 8D 08 D0			sta SIZEP0	; SIZEP0
    11 2114 A9 00			lda #0
    12 2116 8D 09 D0			sta SIZEP1	; SIZEP1
    13 2119 A9 00			lda #0
    14 211B 8D 0A D0			sta SIZEP2	; SIZEP2
    15 211E A9 00			lda #0
    16 2120 8D 0B D0			sta SIZEP3	; SIZEP3
    19 2123 A9 02			lda #2
    20 2125 8D 1D D0			sta PMCTL	; PMCTL
    22 2128 A9 39			lda #57
    23 212A 8D 00 D4			sta DMACTL		; DMACTLS
    27 212D A9 44			lda #68
    28 212F 8D 00 D0			sta HPOSP0 
    30 2132 A9 58			lda #88
    31 2134 8D 01 D0			sta HPOSP1 
    33 2137 A9 6C			lda #108
    34 2139 8D 02 D0			sta HPOSP2 
    36 213C A9 B4			lda #180
    37 213E 8D 03 D0			sta HPOSP3 
    39 2141 A9 0E			lda #14
    40 2143 8D 12 D0			sta COLPM0
    41 2146 8D 13 D0			sta COLPM1
    42 2149 8D 14 D0			sta COLPM2
    43 214C 8D 15 D0			sta COLPM3
Source: C:\jac\wudsn\Workspace\Atari800\asm_t2\2019\a01\part_test1.asm
    33
    34
    35 214F			part_test1_0:
    36
    37 					
    38 214F			part_test1_0_idle:
    39 					
    40 					;PM_MOVE
    41 					
    42 214F 4C 4F 21			jmp part_test1_0_idle
    43
    44 2152				SLEEP 250
Macro: SLEEP [Source: C:\jac\wudsn\Workspace\Atari800\asm_t2\2019\a01\macro.asm]
     1 2152 A5 14			lda RTCLOCK_0
     2 2154 18 69 FA			add #250
     3 2157			SLEEP_LOOP:
     4 2157 C5 14			cmp RTCLOCK_0
     5 2159 D0 FC			bne SLEEP_LOOP
     6 215B EA				nop
Source: C:\jac\wudsn\Workspace\Atari800\asm_t2\2019\a01\part_test1.asm
    45 215C				SLEEP 250
Macro: SLEEP [Source: C:\jac\wudsn\Workspace\Atari800\asm_t2\2019\a01\macro.asm]
     1 215C A5 14			lda RTCLOCK_0
     2 215E 18 69 FA			add #250
     3 2161			SLEEP_LOOP:
     4 2161 C5 14			cmp RTCLOCK_0
     5 2163 D0 FC			bne SLEEP_LOOP
     6 2165 EA				nop
Source: C:\jac\wudsn\Workspace\Atari800\asm_t2\2019\a01\part_test1.asm
    46 2166				SLEEP 250
Macro: SLEEP [Source: C:\jac\wudsn\Workspace\Atari800\asm_t2\2019\a01\macro.asm]
     1 2166 A5 14			lda RTCLOCK_0
     2 2168 18 69 FA			add #250
     3 216B			SLEEP_LOOP:
     4 216B C5 14			cmp RTCLOCK_0
     5 216D D0 FC			bne SLEEP_LOOP
     6 216F EA				nop
Source: C:\jac\wudsn\Workspace\Atari800\asm_t2\2019\a01\part_test1.asm
    47 2170				SLEEP 250
Macro: SLEEP [Source: C:\jac\wudsn\Workspace\Atari800\asm_t2\2019\a01\macro.asm]
     1 2170 A5 14			lda RTCLOCK_0
     2 2172 18 69 FA			add #250
     3 2175			SLEEP_LOOP:
     4 2175 C5 14			cmp RTCLOCK_0
     5 2177 D0 FC			bne SLEEP_LOOP
     6 2179 EA				nop
Source: C:\jac\wudsn\Workspace\Atari800\asm_t2\2019\a01\part_test1.asm
    48 217A				SLEEP 250
Macro: SLEEP [Source: C:\jac\wudsn\Workspace\Atari800\asm_t2\2019\a01\macro.asm]
     1 217A A5 14			lda RTCLOCK_0
     2 217C 18 69 FA			add #250
     3 217F			SLEEP_LOOP:
     4 217F C5 14			cmp RTCLOCK_0
     5 2181 D0 FC			bne SLEEP_LOOP
     6 2183 EA				nop
Source: C:\jac\wudsn\Workspace\Atari800\asm_t2\2019\a01\part_test1.asm
    49 2184				SLEEP 250
Macro: SLEEP [Source: C:\jac\wudsn\Workspace\Atari800\asm_t2\2019\a01\macro.asm]
     1 2184 A5 14			lda RTCLOCK_0
     2 2186 18 69 FA			add #250
     3 2189			SLEEP_LOOP:
     4 2189 C5 14			cmp RTCLOCK_0
     5 218B D0 FC			bne SLEEP_LOOP
     6 218D EA				nop
Source: C:\jac\wudsn\Workspace\Atari800\asm_t2\2019\a01\part_test1.asm
    50 					
    51 218E				DLI_DISABLE
Macro: DLI_DISABLE [Source: C:\jac\wudsn\Workspace\Atari800\asm_t2\2019\a01\macro.asm]
     1 218E A9 B6 8D 00 02 A9 + 	mwa #dli_pass VDSLST
     2 2198 A9 B6 8D A2 22 A9 + 	mwa #dli_pass nmi_dli_handler_vector
     4 21A2 A9 40			lda #$40
     5 21A4 8D 0E D4			sta NMIEN
Source: C:\jac\wudsn\Workspace\Atari800\asm_t2\2019\a01\part_test1.asm
    52 21A7				PM_HIDE
Macro: PM_HIDE [Source: C:\jac\wudsn\Workspace\Atari800\asm_t2\2019\a01\ghosts.asm]
     1 21A7 A9 00			lda #0
     2 21A9 8D 00 D0			sta HPOSP0 
     3 21AC 8D 01 D0			sta HPOSP1 
     4 21AF 8D 02 D0			sta HPOSP2 
     5 21B2 8D 03 D0			sta HPOSP3 
Source: C:\jac\wudsn\Workspace\Atari800\asm_t2\2019\a01\part_test1.asm
    53
    54 21B5 60				rts
    55
    56 21B6			part_test1_dli_handler:
    57
    58 				; line:
    59 				; 32 cycles - frame (2+26+4)
    60 				; 28 cycles - screen
    61
    62 21B6				REG_PUSH
Macro: REG_PUSH [Source: C:\jac\wudsn\Workspace\Atari800\asm_t2\2019\a01\macro.asm]
     1 21B6 48				pha
     2 21B7 8A				txa
     3 21B8 48				pha
     4 21B9 98				tya
     5 21BA 48				pha
Source: C:\jac\wudsn\Workspace\Atari800\asm_t2\2019\a01\part_test1.asm
    63 					
    64 					; disable PMG
    65 21BB A9 00			lda #0
    66 21BD 8D 1D D0			sta PMCTL	; PMCTL
    67 					
    68 21C0 A9 00			lda #0
    69 21C2				LINE_WAIT
Macro: LINE_WAIT [Source: C:\jac\wudsn\Workspace\Atari800\asm_t2\2019\a01\macro.asm]
     1 21C2 8D 0A D4			sta WSYNC	;WAIT
Source: C:\jac\wudsn\Workspace\Atari800\asm_t2\2019\a01\part_test1.asm
    70 21C5 A0 40			ldy #64+0
    71 21C7 8C 00 D0			sty HPOSP0
    72 21CA A0 60			ldy #64+32
    73 21CC 8C 01 D0			sty HPOSP1
    74 21CF A0 68			ldy #64+40
    75 21D1 8C 02 D0			sty HPOSP2
    76 21D4 A0 70			ldy #64+48
    77 21D6 8C 03 D0			sty HPOSP3
    78 21D9				LINE_WAIT
Macro: LINE_WAIT [Source: C:\jac\wudsn\Workspace\Atari800\asm_t2\2019\a01\macro.asm]
     1 21D9 8D 0A D4			sta WSYNC	;WAIT
Source: C:\jac\wudsn\Workspace\Atari800\asm_t2\2019\a01\part_test1.asm
    79 21DC A9 00			lda #COLOR_BLACK
    80 21DE 8D 12 D0			sta COLPM0
    81 21E1 A9 C4			lda #COLOR_GREEN
    82 21E3 8D 13 D0			sta COLPM1
    83 21E6 A9 94			lda #COLOR_BLUE
    84 21E8 8D 14 D0			sta COLPM2
    85 21EB A9 1F			lda #COLOR_YELLOW
    86 21ED 8D 15 D0			sta COLPM3
    87
    88 21F0 8D 0A D4 8D 0A D4 + 	:11 LINE_WAIT
    89 					
    90 2211 A9 0E			lda #COLOR_WHITE
    91 2213 8D 1A D0			sta DLI_FRAME
    92 2216 A9 00			lda #COLOR_BLACK
    93 2218 8D 18 D0			sta DLI_PAPER
    94 221B				LINE_WAIT
Macro: LINE_WAIT [Source: C:\jac\wudsn\Workspace\Atari800\asm_t2\2019\a01\macro.asm]
     1 221B 8D 0A D4			sta WSYNC	;WAIT
Source: C:\jac\wudsn\Workspace\Atari800\asm_t2\2019\a01\part_test1.asm
    95 				;	lda #COLOR_RED
    96 				;	sta COLPM0
    97 221E				LINE_WAIT
Macro: LINE_WAIT [Source: C:\jac\wudsn\Workspace\Atari800\asm_t2\2019\a01\macro.asm]
     1 221E 8D 0A D4			sta WSYNC	;WAIT
Source: C:\jac\wudsn\Workspace\Atari800\asm_t2\2019\a01\part_test1.asm
    98
    99 					; init color value
   100 					; init color value
   101 					
   102 				;	ldy RTCLOCK_0
   103 				;	lda math_sin,y
   104 				;	sta bar_color1
   105 				;	tya
   106 				;	eor #$ff
   107 				;	tay
   108 				;	lda math_sin,y
   109 				;	sta bar_color2	
   110
   111 				;	ldx bar_color1
   112 				;	ldy bar_color2
   113
   114 2221 A9 03			lda #3
   115 2223 8D 08 D0			sta SIZEP0	; SIZEP0
   116 2226 8D 09 D0			sta SIZEP1	; SIZEP0
   117 2229 8D 0A D0			sta SIZEP2	; SIZEP0
   118 222C 8D 0B D0			sta SIZEP3      ; SIZEP0
   119
   120 222F				LINE_WAIT
Macro: LINE_WAIT [Source: C:\jac\wudsn\Workspace\Atari800\asm_t2\2019\a01\macro.asm]
     1 222F 8D 0A D4			sta WSYNC	;WAIT
Source: C:\jac\wudsn\Workspace\Atari800\asm_t2\2019\a01\part_test1.asm
   121
   122 2232 A2 F0			ldx #240 
   123
   124
   125 2234 EA EA EA EA EA EA + 	:14 nop
   126 					; enable PMG
   127 2242 A9 00			lda #0
   128 2244 8D 1D D0			sta PMCTL	; PMCTL
   129
   130 2247 EA				nop
   131 2248 EA				nop
   132
   133 2249				LINE_WAIT
Macro: LINE_WAIT [Source: C:\jac\wudsn\Workspace\Atari800\asm_t2\2019\a01\macro.asm]
     1 2249 8D 0A D4			sta WSYNC	;WAIT
Source: C:\jac\wudsn\Workspace\Atari800\asm_t2\2019\a01\part_test1.asm
   134 					
   135 224C			part_test1_p1:	 ; 67 cycles
   136 224C EA EA EA EA EA EA + 	:11 nop
   137 				 
   138 2257 8D 18 D0			sta DLI_PAPER   ; 4
   139 225A EA EA EA EA EA EA + 	:17 nop		; 56
   140
   141 					
   142 226B 69 01			adc #1          ; 2
   143 226D CA				dex             ; 2  
   144 					; stx WSYNC       ; 4
   145 226E D0 DC			bne part_test1_p1 ; 3
   146 					
   147
   148 2270				REG_PULL
Macro: REG_PULL [Source: C:\jac\wudsn\Workspace\Atari800\asm_t2\2019\a01\macro.asm]
     1 2270 68				pla
     2 2271 A8				tay
     3 2272 68				pla
     4 2273 AA				tax
     5 2274 68				pla
Source: C:\jac\wudsn\Workspace\Atari800\asm_t2\2019\a01\part_test1.asm
   149 2275 40				rti
   150 					
   151 					
   152 					
    20 2276				ICL 'vblank.asm'
Source: C:\jac\wudsn\Workspace\Atari800\asm_t2\2019\a01\vblank.asm
     1 					
     2 2276			nmi_old_vector:
     3 2276 00 00			dta 0,0
     4 					
     5 = 0224			vvblkd equ $0224
     6 					
     7 2278			nmi_set:
     8
     9 2278 A5 14			lda RTCLOCK_0
    10 227A			nmi_wait:
    11 227A C5 14			cmp RTCLOCK_0
    12 227C F0 FC			beq nmi_wait 
    13 				       
    14 227E 78				sei ; interrupt off
    15 227F A9 00 8D 0E D4		mva #$00 NMIEN
    16 2284 8D 00 D4			sta DMACTL
    17 2287 A9 FE 8D 01 D3		mva #$fe PORTB ; wy³¹czenie basica?
    18
    19 228C A9 9C 8D FA FF A9 + 	mwa #NMI NMIVECT ; nowa procedura przerwania
    20 2296 A9 C0 8D 0E D4		mva #(NMIEN_DLI+NMIEN_VBI) NMIEN
    21 						
    22 				;	MUSIC_INIT
    23 					
    24 229B 60				rts
    25 					
    26 229C			NMI:
    27 229C 2C 0F D4			bit NMIST
    28 229F 10 03			bpl VBL
    29 						
    30 22A1 4C B6 22			jmp dli_pass
    31 = 22A2			nmi_dli_handler_vector equ *-2
    32 					
    33 22A4			VBL:
    34 22A4				REG_PUSH
Macro: REG_PUSH [Source: C:\jac\wudsn\Workspace\Atari800\asm_t2\2019\a01\macro.asm]
     1 22A4 48				pha
     2 22A5 8A				txa
     3 22A6 48				pha
     4 22A7 98				tya
     5 22A8 48				pha
Source: C:\jac\wudsn\Workspace\Atari800\asm_t2\2019\a01\vblank.asm
    35 22A9 A5 14			lda RTCLOCK_0
    36 22AB 18				clc
    37 22AC 69 01			adc #1
    38 22AE 85 14			sta RTCLOCK_0
    39 				;	jsr rmt_play ; uncomment when music enabled
    40 22B0				REG_PULL
Macro: REG_PULL [Source: C:\jac\wudsn\Workspace\Atari800\asm_t2\2019\a01\macro.asm]
     1 22B0 68				pla
     2 22B1 A8				tay
     3 22B2 68				pla
     4 22B3 AA				tax
     5 22B4 68				pla
Source: C:\jac\wudsn\Workspace\Atari800\asm_t2\2019\a01\vblank.asm
    41 				;	jmp (nmi_old_vector)
    42 					
    43 22B5 40				rti
    44
    45 22B6			dli_pass:
    46 22B6 40				rti
    47 					
    21 22B7				ICL 'display_list.asm'
Source: C:\jac\wudsn\Workspace\Atari800\asm_t2\2019\a01\display_list.asm
     1
     2 22B7				org $3800
     3 				; DL for first buffer	
     4 3800-39BF> F0 70 70	dl_antic_1	dta $F0,$70,$70              ; 3x8 empty scanlines + interrupt
     5 3803 4F 00 40				dta b($4f),a(screen_mem_1)   ; $0f - mode, $40 - addr of 1/3 screen bitmap 
     6 3806 0F 0F 0F 0F 0F 0F + 		:62 dta b($0f)               ; 63 lines of $0f 
     7 3844 0F					dta b($0f)                   ; 1 line of $0f + DLI 
     8 3845 4F 00 48				dta b($4f),a(screen_mem_1_1) ; $0f - mode, $40 - addr of 2/3 screen bitmap
     9 3848 0F 0F 0F 0F 0F 0F + 		:63 dta b($0f)	             ; 63 lines of $0f 
    10 3887 4F 00 50				dta b($4f),a(screen_mem_1_2) ; $0f - mode, $40 - addr of 3/3 screen bitmap
    11 388A 0F 0F 0F 0F 0F 0F + 		:63 dta b($0f)               ; 63 lines of $0f
    12 38C9 41 00 38				dta b($41),a(dl_antic_1)     ; jump to DL start
    13 				; DL for second buffer	
    14 38CC F0 70 70		dl_antic_2	dta $F0,$70,$70              ; 3x8 empty scanlines  + interrupt
    15 38CF 4F 00 58				dta b($4f),a(screen_mem_2)   ; $0f - mode, $40 - addr of 1/3 screen bitmap
    16 38D2 0F 0F 0F 0F 0F 0F + 		:63 dta b($0f)               ; 63 lines of $0f 
    17 3911 4F 00 60				dta b($4f),a(screen_mem_2_1) ; $0f - mode, $40 - addr of 2/3 screen bitmap
    18 3914 0F 0F 0F 0F 0F 0F + 		:63 dta b($0f)	             ; 63 lines of $0f 
    19 3953 4F 00 68				dta b($4f),a(screen_mem_2_2) ; $0f - mode, $40 - addr of 3/3 screen bitmap
    20 3956 0F 0F 0F 0F 0F 0F + 		:63 dta b($0f)               ; 63 lines of $0f 
    21 3995 41 CC 38				dta b($41),a(dl_antic_2)     ; jump to DL start 
    22
    23 3998			dl_set_mode
    24 				;	lda #57 - narrow
    25 3998 A9 39			lda #(DMACTL_PLAYFIELD_NARROW+DMACTL_DMA_PLAYER+DMACTL_SINGLE_LINE_RES+DMACTL_DMA_DLI)
    26 399A 8D 00 D4			sta DMACTL
    27
    28 399D A9 00			lda #COLOR_BLACK     
    29 399F 8D C5 02			sta GR8_PEN
    30 39A2 8D 17 D0			sta DLI_PEN
    31 39A5 A9 00			lda #COLOR_BLACK     
    32 39A7 8D C6 02			sta GR8_PAPER
    33 39AA 8D 18 D0			sta DLI_PAPER
    34 39AD A9 00			lda #COLOR_BLACK     
    35 39AF 8D C8 02			sta GR8_FRAME
    36 39B2 8D 1A D0			sta DLI_FRAME
    37 					
    38 39B5 A9 0E			lda #COLOR_WHITE
    39 39B7 8D C5 02			sta COLOR1
    40 39BA A9 00			lda #COLOR_BLACK
    41 39BC 8D C6 02			sta COLOR2
    42 					
    43 39BF 60				rts
    44
    45 						
    22 39C0				ICL 'screen_mem.asm'
Source: C:\jac\wudsn\Workspace\Atari800\asm_t2\2019\a01\screen_mem.asm
     1 39C0				org $4000
     2
     3 = 4000			screen_mem_1 = $4000
     4 = 4800			screen_mem_1_1 = $4800
     5 = 5000			screen_mem_1_2 = $5000
     6 4000-87FF> 00 00 00 00 + 	:6144 dta $00
     7 					
     8 5800				org $5800
     9 = 5800			screen_mem_2 = $5800
    10 = 6000			screen_mem_2_1 = $6000
    11 = 6800			screen_mem_2_2 = $6800
    12 5800 00 00 00 00 00 00 + 	:6144 dta 0
    13
    14
    15
    23 7000				ICL 'image_data.asm'
Source: C:\jac\wudsn\Workspace\Atari800\asm_t2\2019\a01\image_data.asm
     1 7000				org $7000
     2 = 7000			image_data_unicorn = $7000
     3 7000				.local graphics
     4 7000 00 00 00 00 00 00 + 	ins "..\pic\unicorn2inv.gr8"
     5 					.endl
     6 					
     7 8800				org $9000
     8 9000			image_data_zx_font:
     9 9000				.local graphics
    10 9000-92FF> 00 00 00 00 + 	ins "..\pic\zx_font.fnt"
    11 					.endl
    24 9300				ICL 'math.asm'
Source: C:\jac\wudsn\Workspace\Atari800\asm_t2\2019\a01\math.asm
     1 9300				org $1D00
     2 					
     3 				;MATH_SIN_LEN = 16
     4 				;MATH_SIN_MASK = %00001111	
     5 				; math_sin dta 127,176,218,245,255,245,218,176,127,78,36,9,0,9,36,78
     6 				; math_sin dta 128,176,218,245,255,245,218,176,128,79,37,10,0,10,37,79
     7 				        
     8 				;MATH_SIN_LEN = 64
     9 				;MATH_SIN_MASK = %00111111	
    10 				;math_sin dta 128,140,152,165,176,188,198,208,218,226,234,240,245,250,253,254,255,254,253,250,245,240,234,226,218,208,198,188,176,165,152,140,128,115,103,90,79,67,57,47,37,29,21,15,10,5,2,1,0,1,2,5,10,15,21,29,37,47,57,67,79,90,103,115
    11
    12 = 0100			MATH_SIN_LEN = 256
    13 = 00FF			MATH_SIN_MASK = %11111111	
    14 1D00-1F0F> 80 83 86 89 + math_sin dta 128,131,134,137,140,143,146,149,152,155,158,162,165,167,170,173,176,179,182,185,188,190,193,196,198,201,203,206,208,211,213,215,218,220,222,224,226,228,230,232,234,235,237,238,240,241,243,244,245,246,248,249,250,250,251,252,253,253,254,254,254,255,0,0,0,0,0,255,254,254,254,253,253,252,251,250,250,249,248,246,245,244,243,241,240,238,237,235,234,232,230,228,226,224,222,220,218,215,213,211,208,206,203,201,198,196,193,190,188,185,182,179,176,173,170,167,165,162,158,155,152,149,146,143,140,137,134,131,128,124,121,118,115,112,109,106,103,100,97,93,90,88,85,82,79,76,73,70,67,65,62,59,57,54,52,49,47,44,42,40,37,35,33,31,29,27,25,23,21,20,18,17,15,14,12,11,10,9,7,6,5,5,4,3,2,2,1,1,1,0,0,0,0,0,0,0,1,1,1,2,2,3,4,5,5,6,7,9,10,11,12,14,15,17,18,20,21,23,25,27,29,31,33,35,37,40,42,44,47,49,52,54,57,59,62,65,67,70,73,76,79,82,85,88,90,93,97,100,103,106,109,112,115,118,121,124
    15
    16 = 0010			MATH_SIN_LEN_16 = 16
    17 = 000F			MATH_SIN_MASK_16 = %00001111	
    18 1E00 80 B0 DA F5 FF F5 + math_sin_16 dta 128,176,218,245,255,245,218,176,128,79,37,10,0,10,37,79,128,176,218,245,255,245,218,176,128,79,37,10,0,10,37,79,128,176,218,245,255,245,218,176,128,79,37,10,0,10,37,79,128,176,218,245,255,245,218,176,128,79,37,10,0,10,37,79,128,176,218,245,255,245,218,176,128,79,37,10,0,10,37,79,128,176,218,245,255,245,218,176,128,79,37,10,0,10,37,79,128,176,218,245,255,245,218,176,128,79,37,10,0,10,37,79,128,176,218,245,255,245,218,176,128,79,37,10,0,10,37,79,128,176,218,245,255,245,218,176,128,79,37,10,0,10,37,79,128,176,218,245,255,245,218,176,128,79,37,10,0,10,37,79,128,176,218,245,255,245,218,176,128,79,37,10,0,10,37,79,128,176,218,245,255,245,218,176,128,79,37,10,0,10,37,79,128,176,218,245,255,245,218,176,128,79,37,10,0,10,37,79,128,176,218,245,255,245,218,176,128,79,37,10,0,10,37,79,128,176,218,245,255,245,218,176,128,79,37,10,0,10,37,79,128,176,218,245,255,245,218,176,128,79,37,10,0,10,37,79
    19
    20 1F00 C0 C0 60 40 30 27 + math_192_div dta 192,192,96,64,48,39,32,28,24,22,20,18,16,15,14,13
    25 1F10				ICL 'zero.asm'
Source: C:\jac\wudsn\Workspace\Atari800\asm_t2\2019\a01\zero.asm
     1 1F10				org $e0
     2
     3 00E0-00F7> 00		zero_a	dta 0
     4 00E1 00			zero_x	dta 0
     5 00E2 00			zero_y	dta 0
     6 				;zero_1	dta 0
     7 				;zero_2	dta 0
     8 				;zero_3	dta 0
     9 00E3 00			bar_size dta 0
    10 00E4 00			bar_color1 dta 0
    11 00E5 00			bar_color2 dta 0
    12 00E6 00			bar_color10 dta 0
    13 00E7 00			bar_color20 dta 0
    14 00E8			part1_image_data_address: 
    15 00E8 00 00			dta 0,0
    16 00EA			part1_screen_data_address: 
    17 00EA 00 00			dta 0,0
    18 00EC			memcopy_block_src:
    19 00EC 00 00			dta 0,0
    20 00EE			memcopy_block_dst:
    21 00EE 00 00			dta 0,0
    22 00F0			src:
    23 00F0 00 00			dta 0,0
    24 00F2			dst:
    25 00F2 00 00			dta 0,0
    26 00F4			tmp_word:
    27 00F4 00 00			dta 0,0
    28 00F6			screen_adr
    29 00F6 00 00			dta 0,0
    30 					
    26 00F8				ICL 'ghosts.asm'
Source: C:\jac\wudsn\Workspace\Atari800\asm_t2\2019\a01\ghosts.asm
     1 00F8				org $6000
     2
     3 6000			pm_base:
     4 6000-67FF> FF FF FF FF + 	:768 dta $FF
     5 6300			pm_missle:
     6 6300 FF FF FF FF FF FF + 	:256 dta $FF
     7 6400			pm_player0:
     8 6400 00 00 00 00 00 00 + 	:24  dta $00
     9 6418 FF FF FF FF FF FF + 	:232 dta $FF
    10 6500			pm_player1:
    11 6500 00 00 00 00 00 00 + 	:24  dta $00
    12 6518 FF FF FF FF FF FF + 	:232 dta $FF
    13 6600			pm_player2:
    14 6600 00 00 00 00 00 00 + 	:24  dta $00
    15 6618 FF FF FF FF FF FF + 	:232 dta $FF
    16 6700			pm_player3:
    17 6700 00 00 00 00 00 00 + 	:24  dta $00
    18 6718 FF FF FF FF FF FF + 	:232 dta $FF
    19 					
    20 				.MACRO PM_SHOW
    21 				
    22 					lda #$60
    23 					sta PMBASE	; PMBASE
    24 				
    25 					lda #1
    26 					sta GTIACTL		; GTIACTLS
    27 				
    28 					; szerokoœæ
    29 					lda #0
    30 					sta SIZEP0	; SIZEP0
    31 					lda #0
    32 					sta SIZEP1	; SIZEP1
    33 					lda #0
    34 					sta SIZEP2	; SIZEP2
    35 					lda #0
    36 					sta SIZEP3	; SIZEP3
    37 				
    38 					; enable PMG
    39 					lda #2
    40 					sta PMCTL	; PMCTL
    41 				
    42 					lda #57
    43 					sta DMACTL		; DMACTLS
    44 				
    45 					; 64 - begin
    46 					; 4,8,12,16
    47 					lda #68
    48 					sta HPOSP0 
    49 				
    50 					lda #88
    51 					sta HPOSP1 
    52 				
    53 					lda #108
    54 					sta HPOSP2 
    55 				
    56 					lda #180
    57 					sta HPOSP3 
    58 				
    59 					lda #14
    60 					sta COLPM0
    61 					sta COLPM1
    62 					sta COLPM2
    63 					sta COLPM3
    64 				
    65 				.ENDM
    66
    67 				.MACRO PM_HIDE
    68 					lda #0
    69 					sta HPOSP0 
    70 					sta HPOSP1 
    71 					sta HPOSP2 
    72 					sta HPOSP3 
    73 				.ENDM
    74
    75
    76 				.MACRO PM_MOVE
    77 					lda RTCLOCK_0
    78 					sta 53248
    79 				.ENDM
    80
    27
