mads 2.0.6 build 58 (28 Jan 17)
Source: C:\jac\wudsn\Workspace\Atari800\asm_t2\rainbowsin5-ready\aaaa1.asm
     1 					ICL 'macro.asm'
Source: C:\jac\wudsn\Workspace\Atari800\asm_t2\rainbowsin5-ready\macro.asm
     1 				.MACRO REG_PUSH 
     2 					pha
     3 					txa
     4 					pha
     5 					tya
     6 					pha
     7 				.ENDM
     8
     9 				.MACRO REG_PULL
    10 					pla
    11 					tay
    12 					pla
    13 					tax
    14 					pla
    15 				.ENDM
    16
    17 				.MACRO LINE_SPACE_9_CYCLES
    18 					nop
    19 					nop
    20 					nop
    21 					sta bar_color20	; 3 cycles
    22 				.ENDM
    23
    24 				.MACRO LINE_SPACE_10_CYCLES
    25 					nop
    26 					nop
    27 					nop
    28 					nop
    29 					nop
    30 				.ENDM
    31
    32 				.MACRO LINE_SPACE_11_CYCLES
    33 					nop
    34 					nop
    35 					nop
    36 					nop
    37 					sta bar_color20	; 3 cycles
    38 				.ENDM
    39
    40 				.MACRO LINE_WAIT
    41 					sta WSYNC	;WAIT
    42 				.ENDM
    43
    44 				.MACRO LINE_COLOR_CALC
    45 					dex
    46 					dey
    47 				.ENDM
    48
    49 				.MACRO LINE_NOP_HALF
    50 					LINE_WAIT
    51 				
    52 					;; 4 nops
    53 					LINE_COLOR_CALC
    54 					
    55 					LINE_NOP_SPACE_1
    56 					
    57 					sta bar_color20	; 3 cycles
    58 					stx DLI_PAPER	; 4 cycles
    59 				;	stx DLI_PEN	; 4 cycles
    60 					LINE_NOP_SPACE_2
    61 					sty DLI_PAPER	; 4 cycles
    62 				;	sty DLI_PEN	; 4 cycles
    63 				.ENDM
    64
    65 				.MACRO LINE_NOP_NORMAL
    66 					LINE_WAIT
    67 					LINE_COLOR_CALC
    68 					sty COLPM0
    69 					sty COLPM1
    70 					stx COLPM2
    71 					stx COLPM3
    72 					stx DLI_PAPER	; 4 cycles
    73 					LINE_SPACE_10_CYCLES
    74 					nop
    75 					sty DLI_PAPER	; 4 cycles
    76 				.ENDM
    77
    78 				.MACRO LINE_NOP_SHORT
    79 					LINE_WAIT
    80 					LINE_COLOR_CALC
    81 					sty COLPM0
    82 					sty COLPM1
    83 					stx COLPM2
    84 					stx COLPM3
    85 					stx DLI_PAPER	; 4 cycles
    86 					LINE_SPACE_10_CYCLES
    87 					sty DLI_PAPER	; 4 cycles
    88 				.ENDM
    89
    90 				.MACRO LINE_NOP_LAST
    91 					LINE_WAIT
    92 					stx DLI_PAPER	; 4 cycles
    93 					lda #1
    94 					sta COLPM0
    95 					sta COLPM1
    96 					sta COLPM2
    97 					sta COLPM3
    98 					LINE_SPACE_10_CYCLES
    99 					nop
   100 					sty DLI_PAPER	; 4 cycles
   101 				.ENDM
     2
     3 					org $2000
     4
     5 					.proc main
     6
     7 FFFF> 2000-21EA> 20 98 + 	jsr dl_set_mode
     8 					
     9 2003 20 0D 20			jsr part1
    10
    11 					.endp
    12 					
    13 2006				ICL 'part1.asm'
Source: C:\jac\wudsn\Workspace\Atari800\asm_t2\rainbowsin5-ready\part1.asm
     1 2006 00			part1_x dta 0
     2 2007 00			part1_y dta 0
     3 2008 00			part1_d dta 0
     4 2009 00			TMPCLR dta 0
     5
     6 200A 00			part1_tmpx dta 0
     7 200B 00			part1_tmpy dta 0
     8 200C 00			part1_sync: dta 0
     9
    10
    11 200D			part1:
    12 					; set handler for display list interrupt 
    13 200D A9 6C 8D 00 02 A9 + 	mwa #part1_dli_handler VDSLST
    14
    15 					; enable DL interrupt
    16 2017 A9 C0			lda #$c0
    17 2019 8D 0E D4			sta NMIEN
    18
    19 201C 20 5F 70			jsr screen_set_write_1
    20 201F 20 54 70			jsr screen_set_read_1
    21 					
    22 2022				PM_SHOW
Macro: PM_SHOW [Source: C:\jac\wudsn\Workspace\Atari800\asm_t2\rainbowsin5-ready\ghosts.asm]
    21 2022 A9 60			lda #$60
    22 2024 8D 07 D4			sta 54279	; PMBASE
    24 2027 A9 01			lda #1
    25 2029 8D 6F 02			sta 623		; GTIACTL
    27 202C A9 0E			lda #14
    28 202E 8D C0 02			sta 704		; KOLOR
    31 2031 A9 00			lda #0
    32 2033 8D 08 D0			sta SIZEP0	; SIZEP0
    33 2036 A9 01			lda #1
    34 2038 8D 09 D0			sta SIZEP1	; SIZEP0
    35 203B A9 01			lda #1
    36 203D 8D 0A D0			sta SIZEP2	; SIZEP0
    37 2040 A9 00			lda #0
    38 2042 8D 0B D0			sta SIZEP3	; SIZEP0
    40 2045 A9 02			lda #2
    41 2047 8D 1D D0			sta 53277	; PMCTL
    43 204A A9 39			lda #57
    44 204C 8D 2F 02			sta 559		; DMACTLS
    48 204F A9 44			lda #68
    49 2051 8D 00 D0			sta HPOSP0 
    51 2054 A9 58			lda #88
    52 2056 8D 01 D0			sta HPOSP1 
    54 2059 A9 96			lda #150
    55 205B 8D 02 D0			sta HPOSP2 
    57 205E A9 B4			lda #180
    58 2060 8D 03 D0			sta HPOSP3 
Source: C:\jac\wudsn\Workspace\Atari800\asm_t2\rainbowsin5-ready\part1.asm
    23
    24
    25 2063			part1_0:
    26
    27 					
    28 2063			part1_0_idle:
    29 					
    30 					;PM_MOVE
    31 					
    32 2063 4C 63 20			jmp part1_0_idle
    33 					
    34 2066				REG_PULL
Macro: REG_PULL [Source: C:\jac\wudsn\Workspace\Atari800\asm_t2\rainbowsin5-ready\macro.asm]
     1 2066 68				pla
     2 2067 A8				tay
     3 2068 68				pla
     4 2069 AA				tax
     5 206A 68				pla
Source: C:\jac\wudsn\Workspace\Atari800\asm_t2\rainbowsin5-ready\part1.asm
    35
    36 206B 60				rts
    37
    38 206C			part1_dli_handler:
    39
    40 				; line:
    41 				; 32 cycles - frame (2+26+4)
    42 				; 28 cycles - screen
    43
    44 206C				REG_PUSH
Macro: REG_PUSH [Source: C:\jac\wudsn\Workspace\Atari800\asm_t2\rainbowsin5-ready\macro.asm]
     1 206C 48				pha
     2 206D 8A				txa
     3 206E 48				pha
     4 206F 98				tya
     5 2070 48				pha
Source: C:\jac\wudsn\Workspace\Atari800\asm_t2\rainbowsin5-ready\part1.asm
    45 2071 A9 00			lda #COLOR_BLACK
    46 2073 8D 18 D0			sta DLI_PAPER ; black
    47 2076 A5 01			lda 1
    48 2078 8D 12 D0			sta COLPM0
    49
    50
    51 					; bar size
    52 207B A9 02			lda #2
    53 207D 85 E6			sta bar_size
    54
    55 207F 8D 0A D4			:1 sta WSYNC	;WAIT
    56 					
    57 					; cycle begin
    58 2082 A2 01			ldx #1
    59 2084 8D 0A D4			:1 sta WSYNC	;WAIT
    60
    61 				;	lda math_sin_16,x
    62 				;	:4 lsr
    63 				;	adc #1
    64 				;	tax
    65
    66 2087 8D 0A D4			:1 sta WSYNC
    67 					
    68 208A A5 13			lda RTCLOCK_1
    69 208C 8D C0 02			sta 704		; KOLOR
    70
    71 208F 8D 0A D4 8D 0A D4 + 	:18 sta WSYNC	;WAIT
    72
    73 					; init color value
    74 20C5 A4 14			ldy RTCLOCK_0
    75 20C7 B9 00 1D			lda math_sin,y
    76 20CA 85 E7			sta bar_color1
    77 20CC 98				tya
    78 20CD 49 FF			eor #$ff
    79 20CF A8				tay
    80 20D0 B9 00 1D			lda math_sin,y
    81 20D3 85 E8			sta bar_color2
    82
    83 20D5 8D 0A D4			:1 sta WSYNC	;WAIT
    84
    85 					; 192 screen lines
    86
    87
    88 20D8 A6 E7			ldx bar_color1
    89 20DA A4 E8			ldy bar_color2
    90
    91 20DC				LINE_NOP_NORMAL
Macro: LINE_NOP_NORMAL [Source: C:\jac\wudsn\Workspace\Atari800\asm_t2\rainbowsin5-ready\macro.asm]
     1 20DC 8D 0A D4			sta WSYNC	;WAIT
Source: C:\jac\wudsn\Workspace\Atari800\asm_t2\rainbowsin5-ready\part1.asm
     1 20DF CA				dex
     2 20E0 88				dey
Source: C:\jac\wudsn\Workspace\Atari800\asm_t2\rainbowsin5-ready\part1.asm
     3 20E1 8C 12 D0			sty COLPM0
     4 20E4 8C 13 D0			sty COLPM1
     5 20E7 8E 14 D0			stx COLPM2
     6 20EA 8E 15 D0			stx COLPM3
     7 20ED 8E 18 D0			stx DLI_PAPER	; 4 cycles
     1 20F0 EA				nop
     2 20F1 EA				nop
     3 20F2 EA				nop
     4 20F3 EA				nop
     5 20F4 EA				nop
Source: C:\jac\wudsn\Workspace\Atari800\asm_t2\rainbowsin5-ready\part1.asm
     9 20F5 EA				nop
    10 20F6 8C 18 D0			sty DLI_PAPER	; 4 cycles
Source: C:\jac\wudsn\Workspace\Atari800\asm_t2\rainbowsin5-ready\part1.asm
    92 20F9				LINE_NOP_NORMAL
Macro: LINE_NOP_NORMAL [Source: C:\jac\wudsn\Workspace\Atari800\asm_t2\rainbowsin5-ready\macro.asm]
     1 20F9 8D 0A D4			sta WSYNC	;WAIT
Source: C:\jac\wudsn\Workspace\Atari800\asm_t2\rainbowsin5-ready\part1.asm
     1 20FC CA				dex
     2 20FD 88				dey
Source: C:\jac\wudsn\Workspace\Atari800\asm_t2\rainbowsin5-ready\part1.asm
     3 20FE 8C 12 D0			sty COLPM0
     4 2101 8C 13 D0			sty COLPM1
     5 2104 8E 14 D0			stx COLPM2
     6 2107 8E 15 D0			stx COLPM3
     7 210A 8E 18 D0			stx DLI_PAPER	; 4 cycles
     1 210D EA				nop
     2 210E EA				nop
     3 210F EA				nop
     4 2110 EA				nop
     5 2111 EA				nop
Source: C:\jac\wudsn\Workspace\Atari800\asm_t2\rainbowsin5-ready\part1.asm
     9 2112 EA				nop
    10 2113 8C 18 D0			sty DLI_PAPER	; 4 cycles
Source: C:\jac\wudsn\Workspace\Atari800\asm_t2\rainbowsin5-ready\part1.asm
    93
    94 2116 A9 39			lda #57
    95 2118			dli_handler_loop_0:
    96 2118				LINE_NOP_NORMAL
Macro: LINE_NOP_NORMAL [Source: C:\jac\wudsn\Workspace\Atari800\asm_t2\rainbowsin5-ready\macro.asm]
     1 2118 8D 0A D4			sta WSYNC	;WAIT
Source: C:\jac\wudsn\Workspace\Atari800\asm_t2\rainbowsin5-ready\part1.asm
     1 211B CA				dex
     2 211C 88				dey
Source: C:\jac\wudsn\Workspace\Atari800\asm_t2\rainbowsin5-ready\part1.asm
     3 211D 8C 12 D0			sty COLPM0
     4 2120 8C 13 D0			sty COLPM1
     5 2123 8E 14 D0			stx COLPM2
     6 2126 8E 15 D0			stx COLPM3
     7 2129 8E 18 D0			stx DLI_PAPER	; 4 cycles
     1 212C EA				nop
     2 212D EA				nop
     3 212E EA				nop
     4 212F EA				nop
     5 2130 EA				nop
Source: C:\jac\wudsn\Workspace\Atari800\asm_t2\rainbowsin5-ready\part1.asm
     9 2131 EA				nop
    10 2132 8C 18 D0			sty DLI_PAPER	; 4 cycles
Source: C:\jac\wudsn\Workspace\Atari800\asm_t2\rainbowsin5-ready\part1.asm
    97 2135 E9 01			sbc #1
    98 2137 D0 DF			bne dli_handler_loop_0
    99
   100 2139				LINE_NOP_SHORT
Macro: LINE_NOP_SHORT [Source: C:\jac\wudsn\Workspace\Atari800\asm_t2\rainbowsin5-ready\macro.asm]
     1 2139 8D 0A D4			sta WSYNC	;WAIT
Source: C:\jac\wudsn\Workspace\Atari800\asm_t2\rainbowsin5-ready\part1.asm
     1 213C CA				dex
     2 213D 88				dey
Source: C:\jac\wudsn\Workspace\Atari800\asm_t2\rainbowsin5-ready\part1.asm
     3 213E 8C 12 D0			sty COLPM0
     4 2141 8C 13 D0			sty COLPM1
     5 2144 8E 14 D0			stx COLPM2
     6 2147 8E 15 D0			stx COLPM3
     7 214A 8E 18 D0			stx DLI_PAPER	; 4 cycles
     1 214D EA				nop
     2 214E EA				nop
     3 214F EA				nop
     4 2150 EA				nop
     5 2151 EA				nop
Source: C:\jac\wudsn\Workspace\Atari800\asm_t2\rainbowsin5-ready\part1.asm
     9 2152 8C 18 D0			sty DLI_PAPER	; 4 cycles
Source: C:\jac\wudsn\Workspace\Atari800\asm_t2\rainbowsin5-ready\part1.asm
   101
   102 2155 A9 3F			lda #63
   103 2157			dli_handler_loop_1:
   104 2157				LINE_NOP_NORMAL
Macro: LINE_NOP_NORMAL [Source: C:\jac\wudsn\Workspace\Atari800\asm_t2\rainbowsin5-ready\macro.asm]
     1 2157 8D 0A D4			sta WSYNC	;WAIT
Source: C:\jac\wudsn\Workspace\Atari800\asm_t2\rainbowsin5-ready\part1.asm
     1 215A CA				dex
     2 215B 88				dey
Source: C:\jac\wudsn\Workspace\Atari800\asm_t2\rainbowsin5-ready\part1.asm
     3 215C 8C 12 D0			sty COLPM0
     4 215F 8C 13 D0			sty COLPM1
     5 2162 8E 14 D0			stx COLPM2
     6 2165 8E 15 D0			stx COLPM3
     7 2168 8E 18 D0			stx DLI_PAPER	; 4 cycles
     1 216B EA				nop
     2 216C EA				nop
     3 216D EA				nop
     4 216E EA				nop
     5 216F EA				nop
Source: C:\jac\wudsn\Workspace\Atari800\asm_t2\rainbowsin5-ready\part1.asm
     9 2170 EA				nop
    10 2171 8C 18 D0			sty DLI_PAPER	; 4 cycles
Source: C:\jac\wudsn\Workspace\Atari800\asm_t2\rainbowsin5-ready\part1.asm
   105 2174 E9 01			sbc #1
   106 2176 D0 DF			bne dli_handler_loop_1
   107 2178				LINE_NOP_SHORT
Macro: LINE_NOP_SHORT [Source: C:\jac\wudsn\Workspace\Atari800\asm_t2\rainbowsin5-ready\macro.asm]
     1 2178 8D 0A D4			sta WSYNC	;WAIT
Source: C:\jac\wudsn\Workspace\Atari800\asm_t2\rainbowsin5-ready\part1.asm
     1 217B CA				dex
     2 217C 88				dey
Source: C:\jac\wudsn\Workspace\Atari800\asm_t2\rainbowsin5-ready\part1.asm
     3 217D 8C 12 D0			sty COLPM0
     4 2180 8C 13 D0			sty COLPM1
     5 2183 8E 14 D0			stx COLPM2
     6 2186 8E 15 D0			stx COLPM3
     7 2189 8E 18 D0			stx DLI_PAPER	; 4 cycles
     1 218C EA				nop
     2 218D EA				nop
     3 218E EA				nop
     4 218F EA				nop
     5 2190 EA				nop
Source: C:\jac\wudsn\Workspace\Atari800\asm_t2\rainbowsin5-ready\part1.asm
     9 2191 8C 18 D0			sty DLI_PAPER	; 4 cycles
Source: C:\jac\wudsn\Workspace\Atari800\asm_t2\rainbowsin5-ready\part1.asm
   108
   109 2194 A9 3F			lda #63
   110 2196			dli_handler_loop_2:
   111 2196				LINE_NOP_NORMAL
Macro: LINE_NOP_NORMAL [Source: C:\jac\wudsn\Workspace\Atari800\asm_t2\rainbowsin5-ready\macro.asm]
     1 2196 8D 0A D4			sta WSYNC	;WAIT
Source: C:\jac\wudsn\Workspace\Atari800\asm_t2\rainbowsin5-ready\part1.asm
     1 2199 CA				dex
     2 219A 88				dey
Source: C:\jac\wudsn\Workspace\Atari800\asm_t2\rainbowsin5-ready\part1.asm
     3 219B 8C 12 D0			sty COLPM0
     4 219E 8C 13 D0			sty COLPM1
     5 21A1 8E 14 D0			stx COLPM2
     6 21A4 8E 15 D0			stx COLPM3
     7 21A7 8E 18 D0			stx DLI_PAPER	; 4 cycles
     1 21AA EA				nop
     2 21AB EA				nop
     3 21AC EA				nop
     4 21AD EA				nop
     5 21AE EA				nop
Source: C:\jac\wudsn\Workspace\Atari800\asm_t2\rainbowsin5-ready\part1.asm
     9 21AF EA				nop
    10 21B0 8C 18 D0			sty DLI_PAPER	; 4 cycles
Source: C:\jac\wudsn\Workspace\Atari800\asm_t2\rainbowsin5-ready\part1.asm
   112 21B3 E9 01			sbc #1
   113 21B5 D0 DF			bne dli_handler_loop_2
   114 				;	LINE_NOP_SHORT
   115 					
   116 21B7				LINE_NOP_LAST
Macro: LINE_NOP_LAST [Source: C:\jac\wudsn\Workspace\Atari800\asm_t2\rainbowsin5-ready\macro.asm]
     1 21B7 8D 0A D4			sta WSYNC	;WAIT
Source: C:\jac\wudsn\Workspace\Atari800\asm_t2\rainbowsin5-ready\part1.asm
     2 21BA 8E 18 D0			stx DLI_PAPER	; 4 cycles
     3 21BD A9 01			lda #1
     4 21BF 8D 12 D0			sta COLPM0
     5 21C2 8D 13 D0			sta COLPM1
     6 21C5 8D 14 D0			sta COLPM2
     7 21C8 8D 15 D0			sta COLPM3
     1 21CB EA				nop
     2 21CC EA				nop
     3 21CD EA				nop
     4 21CE EA				nop
     5 21CF EA				nop
Source: C:\jac\wudsn\Workspace\Atari800\asm_t2\rainbowsin5-ready\part1.asm
     9 21D0 EA				nop
    10 21D1 8C 18 D0			sty DLI_PAPER	; 4 cycles
Source: C:\jac\wudsn\Workspace\Atari800\asm_t2\rainbowsin5-ready\part1.asm
   117
   118 21D4 A5 01			lda 1
   119 21D6 8D 12 D0			sta COLPM0
   120 21D9 8D 13 D0			sta COLPM1
   121 21DC 8D 14 D0			sta COLPM2
   122 21DF 8D 15 D0			sta COLPM3
   123
   124 21E2				LINE_WAIT
Macro: LINE_WAIT [Source: C:\jac\wudsn\Workspace\Atari800\asm_t2\rainbowsin5-ready\macro.asm]
     1 21E2 8D 0A D4			sta WSYNC	;WAIT
Source: C:\jac\wudsn\Workspace\Atari800\asm_t2\rainbowsin5-ready\part1.asm
   125 					
   126
   127 21E5				REG_PULL
Macro: REG_PULL [Source: C:\jac\wudsn\Workspace\Atari800\asm_t2\rainbowsin5-ready\macro.asm]
     1 21E5 68				pla
     2 21E6 A8				tay
     3 21E7 68				pla
     4 21E8 AA				tax
     5 21E9 68				pla
Source: C:\jac\wudsn\Workspace\Atari800\asm_t2\rainbowsin5-ready\part1.asm
   128 21EA 40				rti
   129 					
   130 					
   131 					
    14 21EB				ICL 'screen_mem.asm'
Source: C:\jac\wudsn\Workspace\Atari800\asm_t2\rainbowsin5-ready\screen_mem.asm
     1 21EB				org $4000
     2
     3 4000				.local graphics
     4 4000-6FFF> 00 00 00 00 + 	ins "..\pic\unicorn2inv.gr8"
     5 					.endl
     6
     7 = 4000			screen_mem_1 = $4000
     8 = 4800			screen_mem_1_1 = $4800
     9 = 5000			screen_mem_1_2 = $5000
    10
    11 5800 00 00 00 00 00 00 + 	:6144 dta 0
    12
    13 7000				org $5800
    14 					
    15 = 5800			screen_mem_2 = $5800
    16 = 6000			screen_mem_2_1 = $6000
    17 = 6800			screen_mem_2_2 = $6800
    18
    19 5800				org $7000
    20 7000			screen_adr
    21 7000-707F> 00 00			dta 0,0
    22
    23 7002			screen_clear:
    24 7002				REG_PUSH
Macro: REG_PUSH [Source: C:\jac\wudsn\Workspace\Atari800\asm_t2\rainbowsin5-ready\macro.asm]
     1 7002 48				pha
     2 7003 8A				txa
     3 7004 48				pha
     4 7005 98				tya
     5 7006 48				pha
Source: C:\jac\wudsn\Workspace\Atari800\asm_t2\rainbowsin5-ready\screen_mem.asm
    25 7007 AD 00 70 8D 1A 70 + 	mwa screen_adr screen_clear_loop_2+1
    26 7013 A9 00			lda #0
    27 7015 A2 18			ldx #24
    28 7017			screen_clear_loop_1
    29 7017 A0 00			ldy #0	
    30 7019			screen_clear_loop_2	
    31 7019 99 00 00			sta $0000,y
    32 701C C8				iny
    33 701D D0 FA			bne screen_clear_loop_2
    34 701F EE 1B 70			inc screen_clear_loop_2+2
    35 7022 CA				dex
    36 7023 D0 F4			bne screen_clear_loop_2
    37 7025				REG_PULL
Macro: REG_PULL [Source: C:\jac\wudsn\Workspace\Atari800\asm_t2\rainbowsin5-ready\macro.asm]
     1 7025 68				pla
     2 7026 A8				tay
     3 7027 68				pla
     4 7028 AA				tax
     5 7029 68				pla
Source: C:\jac\wudsn\Workspace\Atari800\asm_t2\rainbowsin5-ready\screen_mem.asm
    38 702A 60				rts	
    39
    40 702B			screen_fill:
    41 702B				REG_PUSH
Macro: REG_PUSH [Source: C:\jac\wudsn\Workspace\Atari800\asm_t2\rainbowsin5-ready\macro.asm]
     1 702B 48				pha
     2 702C 8A				txa
     3 702D 48				pha
     4 702E 98				tya
     5 702F 48				pha
Source: C:\jac\wudsn\Workspace\Atari800\asm_t2\rainbowsin5-ready\screen_mem.asm
    42 7030 AD 00 70 8D 43 70 + 	mwa screen_adr screen_fill_loop_2+1
    43 703C A9 FF			lda #255
    44 703E A2 08			ldx #8
    45 7040			screen_fill_loop_1
    46 7040 A0 00			ldy #0	
    47 7042			screen_fill_loop_2	
    48 7042 99 00 00			sta $0000,y
    49 7045 C8				iny
    50 7046 D0 FA			bne screen_fill_loop_2
    51 7048 EE 44 70			inc screen_fill_loop_2+2
    52 704B CA				dex
    53 704C D0 F4			bne screen_fill_loop_2
    54 704E				REG_PULL
Macro: REG_PULL [Source: C:\jac\wudsn\Workspace\Atari800\asm_t2\rainbowsin5-ready\macro.asm]
     1 704E 68				pla
     2 704F A8				tay
     3 7050 68				pla
     4 7051 AA				tax
     5 7052 68				pla
Source: C:\jac\wudsn\Workspace\Atari800\asm_t2\rainbowsin5-ready\screen_mem.asm
    55 7053 60				rts	
    56
    57 					
    58 7054			screen_set_read_1:
    59 					; load display list address to register
    60 7054 A9 00 8D 30 02 A9 + 	mwa #dl_antic_1 DLIST
    61 705E 60				rts
    62 705F			screen_set_write_1:
    63 					; switch working buffer pointer
    64 705F A9 00 8D 00 70 A9 + 	mwa #screen_mem_1 screen_adr
    65 7069 60				rts
    66
    67 706A			screen_set_read_2:
    68 					; load display list address to register
    69 706A A9 CC 8D 30 02 A9 + 	mwa #dl_antic_2 DLIST
    70 7074 60				rts
    71 7075			screen_set_write_2:	
    72 					; switch working buffer pointer
    73 7075 A9 00 8D 00 70 A9 + 	mwa #screen_mem_2 screen_adr
    74 707F 60				rts
    75 					
    15 7080				ICL 'display_list.asm'
Source: C:\jac\wudsn\Workspace\Atari800\asm_t2\rainbowsin5-ready\display_list.asm
     1 7080				ICL 'display_list_const.asm'
Source: C:\jac\wudsn\Workspace\Atari800\asm_t2\rainbowsin5-ready\display_list_const.asm
     1 = 0012			RTCLOCK_2 = $12
     2 = 0013			RTCLOCK_1 = $13
     3 = 0014			RTCLOCK_0 = $14
     4
     5 = 0230			DLIST   = $230
     6 = 0230			DLISTL  = $230 ; display list pointer low byte
     7 = 0231			DLISTH  = $231 ;                      high byte
     8 = 02C8			COLRBK  = $2C8
     9
    10 = D016			COLPF0	= $D016  
    11 = D017			COLPF1	= $D017  
    12 = D018			COLPF2	= $D018  
    13 = D019			COLPF3	= $D019
    14 = D01A			COLBG	= $D01A 
    15
    16 = 02C4			COLOR0	= $02C4
    17 = 02C5			COLOR1	= $02C5
    18 = 02C6			COLOR2	= $02C6
    19 = 02C7			COLOR3	= $02C7
    20 = 02C8			COLOR4 	= $02C8
    21
    22 = 022F			SDMCTL  = $022F
    23 = 022F			DMACTLS = $022F
    24 = D400			DMACTL  = $D400
    25 = 0200			VDSLST  = $0200 ; display list interrupt vector
    26 = D40E			NMEN	= $D40E
    27 = D40E			NMIEN	= $D40E ; bit 7
    28 = D40A			WSYNC   = $D40A
    29 = D40B			VCOUNT  = $D40B
    30
    31 = 02C5			GR8_PEN   = COLOR1
    32 = 02C6			GR8_PAPER = COLOR2
    33 = 02C8			GR8_FRAME = COLOR4 
    34
    35 = D017			DLI_PEN   = COLPF1
    36 = D018			DLI_PAPER = COLPF2
    37 = D01A			DLI_FRAME = COLBG 
    38
    39 = 0000			COLOR_BLACK = $00
    40 = 000E			COLOR_WHITE = $0E
    41
    42 = D012			COLPM0	= $D012
    43 = D013			COLPM1	= $D013
    44 = D014			COLPM2	= $D014
    45 = D015			COLPM3	= $D015
    46
    47 = 02C0			COLPM0S	= $02C0
    48 = 02C1			COLPM1S	= $02C1
    49 = 02C2			COLPM2S	= $02C2
    50 = 02C3			COLPM3S	= $02C3
    51
    52
    53 = D008			SIZEP0	= $D008
    54 = D009			SIZEP1	= $D009
    55 = D00A			SIZEP2	= $D00A
    56 = D00B			SIZEP3	= $D00B
    57
    58 = D00C			SIZEM	= $D00C
    59
    60 = D000			HPOSP0	= $D000
    61 = D001			HPOSP1	= $D001
    62 = D002			HPOSP2	= $D002
    63 = D003			HPOSP3	= $D003
    64
    65 = D004			HPOSM0	= $D004
    66 = D005			HPOSM1	= $D005
    67 = D006			HPOSM2	= $D006
    68 = D007			HPOSM3	= $D007
    69
    70 = D01C			VDELAY	= $D01C
    71
    72 = D01B			GTIACTL	= $D01B
    73 = 026F			GTIACTLS = $026F
    74
    75 = D01D			PMCTL	= $D01D
    76
    77 = D407			PMBASE = $D407
    78
    79 				;     SAVMSC $0058,2       (88): pointer to current screen for CIO commands
    80 				;     RAMTOP $006A        (106): start-of-ROM pointer (MSB only)
    81 				;     VDSLST $0200,2      (512): DLI vector
    82 				;     RAMSIZ $02E4        (740): permanent start-of-ROM pointer (MSB only)
    83 				;     DLISTL $D402      (54274): display list pointer low byte
    84 				;     DLISTH $D403      (54275):     "    high byte
    85 				;     HSCROL $D404      (54276): horizontal scroll register
    86 				;     VSCROL $D405      (54277): vertical scroll register
    87 				;     NMIEN  $D40E      (54286): NMI enable (DLIs)
    88 				;     
    89 				;     
    90 				;                               Shadow registers
    91 				;     
    92 				;     
    93 				;     SDLSTL $0230        (560): DLISTL
    94 				;     SDLSTH $0231        (561): DLISTH
     2
     3 7080				org $3800
     4
     5 = 0080			DL_DLI = $80
     6
     7 				; DL for first buffer	
     8 3800-39C8> F0 70 70	dl_antic_1	dta $F0,$70,$70              ; 3x8 empty scanlines
     9 3803 4F 00 40				dta b($4f),a(screen_mem_1)   ; $0f - mode, $40 - addr of 1/3 screen bitmap 
    10 3806 0F 0F 0F 0F 0F 0F + 		:62 dta b($0f)               ; 63 lines of $0f 
    11 3844 0F					dta b($0f)                   ; 1 line of $0f + DLI 
    12 3845 4F 00 48				dta b($4f),a(screen_mem_1_1) ; $0f - mode, $40 - addr of 2/3 screen bitmap
    13 3848 0F 0F 0F 0F 0F 0F + 		:63 dta b($0f)	             ; 63 lines of $0f 
    14 3887 4F 00 50				dta b($4f),a(screen_mem_1_2) ; $0f - mode, $40 - addr of 3/3 screen bitmap
    15 388A 0F 0F 0F 0F 0F 0F + 		:63 dta b($0f)               ; 63 lines of $0f
    16 						;dta b($c1),a(dl_antic_1)     ; jump to DL start and trigger interrupt
    17 38C9 41 00 38				dta b($41),a(dl_antic_1)     ; jump to DL start
    18 38CC 70 70 70		dl_antic_2	dta $70,$70,$70              ; 3x8 empty scanlines 
    19 38CF CF 00 58				dta b($cf),a(screen_mem_2)   ; $0f - mode, $40 - addr of 1/3 screen bitmap
    20 38D2 0F 0F 0F 0F 0F 0F + 		:63 dta b($0f)               ; 63 lines of $0f 
    21 3911 4F 00 60				dta b($4f),a(screen_mem_2_1) ; $0f - mode, $40 - addr of 2/3 screen bitmap
    22 3914 0F 0F 0F 0F 0F 0F + 		:63 dta b($0f)	             ; 63 lines of $0f 
    23 3953 4F 00 68				dta b($4f),a(screen_mem_2_2) ; $0f - mode, $40 - addr of 3/3 screen bitmap
    24 3956 0F 0F 0F 0F 0F 0F + 		:63 dta b($0f)               ; 63 lines of $0f 
    25 						;dta b($c1),a(dl_antic_2)     ; jump to DL start and trigger interrupt
    26 3995 41 CC 38				dta b($41),a(dl_antic_2)     ; jump to DL start 
    27
    28 3998			dl_set_mode
    29 					; set screen width to 32 byte
    30 				;	lda #%11111100
    31 				;	and DMACTLS
    32 				;	ora #%00000001
    33 3998 A9 39			lda #57
    34 399A 8D 2F 02			sta DMACTLS
    35
    36 399D A9 00			lda #COLOR_BLACK     
    37 399F 8D C5 02			sta GR8_PEN
    38 39A2 A9 00			lda #COLOR_BLACK     
    39 39A4 8D C6 02			sta GR8_PAPER
    40 39A7 A9 00			lda #COLOR_BLACK     
    41 39A9 8D C8 02			sta GR8_FRAME
    42 					
    43 39AC A9 0E			lda #COLOR_WHITE
    44 39AE 8D C5 02			sta COLOR1
    45 39B1 A9 00			lda #COLOR_BLACK
    46 39B3 8D C6 02			sta COLOR2
    47 					
    48
    49 39B6 60				rts
    50
    51 						
    16 39B7				ICL 'wait_vsync.asm'
Source: C:\jac\wudsn\Workspace\Atari800\asm_t2\rainbowsin5-ready\wait_vsync.asm
     1
     2
     3 39B7			wait_hsync:
     4
     5 39B7 48				pha
     6
     7 39B8 A9 52			lda #$52
     8 39BA 8D 0A D4			sta WSYNC	;WAIT
     9 39BD 68				pla
    10
    11 39BE 60				rts
    12
    13
    14 39BF			wait_vsync:
    15 39BF 48				pha
    16 39C0			wait_vsync_loop:
    17 39C0 AD 0B D4			lda VCOUNT
    18 39C3 C9 64			cmp #100
    19 39C5 D0 F9			bne wait_vsync_loop 
    20 					
    21 39C7 68				pla
    22 39C8 60				rts
    23 					
    17 39C9				ICL 'math.asm'
Source: C:\jac\wudsn\Workspace\Atari800\asm_t2\rainbowsin5-ready\math.asm
     1 39C9				org $1D00
     2 					
     3 				;MATH_SIN_LEN = 16
     4 				;MATH_SIN_MASK = %00001111	
     5 				; math_sin dta 127,176,218,245,255,245,218,176,127,78,36,9,0,9,36,78
     6 				; math_sin dta 128,176,218,245,255,245,218,176,128,79,37,10,0,10,37,79
     7 				        
     8 				;MATH_SIN_LEN = 64
     9 				;MATH_SIN_MASK = %00111111	
    10 				;math_sin dta 128,140,152,165,176,188,198,208,218,226,234,240,245,250,253,254,255,254,253,250,245,240,234,226,218,208,198,188,176,165,152,140,128,115,103,90,79,67,57,47,37,29,21,15,10,5,2,1,0,1,2,5,10,15,21,29,37,47,57,67,79,90,103,115
    11
    12 = 0100			MATH_SIN_LEN = 256
    13 = 00FF			MATH_SIN_MASK = %11111111	
    14 1D00-1F0F> 80 83 86 89 + math_sin dta 128,131,134,137,140,143,146,149,152,155,158,162,165,167,170,173,176,179,182,185,188,190,193,196,198,201,203,206,208,211,213,215,218,220,222,224,226,228,230,232,234,235,237,238,240,241,243,244,245,246,248,249,250,250,251,252,253,253,254,254,254,255,0,0,0,0,0,255,254,254,254,253,253,252,251,250,250,249,248,246,245,244,243,241,240,238,237,235,234,232,230,228,226,224,222,220,218,215,213,211,208,206,203,201,198,196,193,190,188,185,182,179,176,173,170,167,165,162,158,155,152,149,146,143,140,137,134,131,128,124,121,118,115,112,109,106,103,100,97,93,90,88,85,82,79,76,73,70,67,65,62,59,57,54,52,49,47,44,42,40,37,35,33,31,29,27,25,23,21,20,18,17,15,14,12,11,10,9,7,6,5,5,4,3,2,2,1,1,1,0,0,0,0,0,0,0,1,1,1,2,2,3,4,5,5,6,7,9,10,11,12,14,15,17,18,20,21,23,25,27,29,31,33,35,37,40,42,44,47,49,52,54,57,59,62,65,67,70,73,76,79,82,85,88,90,93,97,100,103,106,109,112,115,118,121,124
    15
    16 = 0010			MATH_SIN_LEN_16 = 16
    17 = 000F			MATH_SIN_MASK_16 = %00001111	
    18 1E00 80 B0 DA F5 FF F5 + math_sin_16 dta 128,176,218,245,255,245,218,176,128,79,37,10,0,10,37,79,128,176,218,245,255,245,218,176,128,79,37,10,0,10,37,79,128,176,218,245,255,245,218,176,128,79,37,10,0,10,37,79,128,176,218,245,255,245,218,176,128,79,37,10,0,10,37,79,128,176,218,245,255,245,218,176,128,79,37,10,0,10,37,79,128,176,218,245,255,245,218,176,128,79,37,10,0,10,37,79,128,176,218,245,255,245,218,176,128,79,37,10,0,10,37,79,128,176,218,245,255,245,218,176,128,79,37,10,0,10,37,79,128,176,218,245,255,245,218,176,128,79,37,10,0,10,37,79,128,176,218,245,255,245,218,176,128,79,37,10,0,10,37,79,128,176,218,245,255,245,218,176,128,79,37,10,0,10,37,79,128,176,218,245,255,245,218,176,128,79,37,10,0,10,37,79,128,176,218,245,255,245,218,176,128,79,37,10,0,10,37,79,128,176,218,245,255,245,218,176,128,79,37,10,0,10,37,79,128,176,218,245,255,245,218,176,128,79,37,10,0,10,37,79,128,176,218,245,255,245,218,176,128,79,37,10,0,10,37,79
    19
    20 1F00 C0 C0 60 40 30 27 + math_192_div dta 192,192,96,64,48,39,32,28,24,22,20,18,16,15,14,13
    18 1F10				ICL 'zero.asm'
Source: C:\jac\wudsn\Workspace\Atari800\asm_t2\rainbowsin5-ready\zero.asm
     1 1F10				org $e0
     2
     3 00E0-00EE> 00		zero_a	dta 0
     4 00E1 00			zero_x	dta 0
     5 00E2 00			zero_y	dta 0
     6 00E3 00			zero_1	dta 0
     7 00E4 00			zero_2	dta 0
     8 00E5 00			zero_3	dta 0
     9 00E6 00			bar_size dta 0
    10 00E7 00			bar_color1 dta 0
    11 00E8 00			bar_color2 dta 0
    12 00E9 00			bar_color10 dta 0
    13 00EA 00			bar_color20 dta 0
    14 00EB			part1_image_data_address: 
    15 00EB 00 00			dta 0,0
    16 00ED			part1_screen_data_address: 
    17 00ED 00 00			dta 0,0
    19 00EF				ICL 'ghosts.asm'
Source: C:\jac\wudsn\Workspace\Atari800\asm_t2\rainbowsin5-ready\ghosts.asm
     1 00EF				org $6000
     2
     3 6000			pm_base:
     4 6000-67FF> FF FF FF FF + 	:768 dta $FF
     5 6300			pm_missle:
     6 6300 FF FF FF FF FF FF + 	:256 dta $FF
     7 6400			pm_player0:
     8 6400 FF FF FF FF FF FF + 	:256 dta $FF
     9 6500			pm_player1:
    10 6500 FF FF FF FF FF FF + 	:256 dta $FF
    11 6600			pm_player2:
    12 6600 FF FF FF FF FF FF + 	:256 dta $FF
    13 6700			pm_player3:
    14 6700 FF FF FF FF FF FF + 	:256 dta $FF
    15 					
    16 				.MACRO PM_SHOW
    17 				
    18 				;	lda #$60
    19 				;	sta PMBASE
    20 				;	lda #0
    21 				;	sta SIZEP0
    22 				;	lda #COLOR_WHITE
    23 				;	sta COLPM0
    24 				;	sta COLPM0S
    25 				;	lda #100
    26 				;	sta HPOSP0
    27 				;	lda #3
    28 				;	sta PMCTL
    29 				;	lda #1
    30 				;	sta GTIACTL
    31 				
    32 				;	lda DMACTLS
    33 				;	ora #%00011000
    34 				;	sta DMACTLS
    35 				
    36 				
    37 					lda #$60
    38 					sta 54279	; PMBASE
    39 				
    40 					lda #1
    41 					sta 623		; GTIACTL
    42 				
    43 					lda #14
    44 					sta 704		; KOLOR
    45 				
    46 					; szerokoœæ
    47 					lda #0
    48 					sta SIZEP0	; SIZEP0
    49 					lda #1
    50 					sta SIZEP1	; SIZEP0
    51 					lda #1
    52 					sta SIZEP2	; SIZEP0
    53 					lda #0
    54 					sta SIZEP3	; SIZEP0
    55 				
    56 					lda #2
    57 					sta 53277	; PMCTL
    58 				
    59 					lda #57
    60 					sta 559		; DMACTLS
    61 				
    62 					; 64 - begin
    63 					; 4,8,12,16
    64 					lda #68
    65 					sta HPOSP0 
    66 				
    67 					lda #88
    68 					sta HPOSP1 
    69 				
    70 					lda #150
    71 					sta HPOSP2 
    72 				
    73 					lda #180
    74 					sta HPOSP3 
    75 				
    76 				.ENDM
    77
    78 				.MACRO PM_MOVE
    79 					lda RTCLOCK_0
    80 					sta 53248
    81 				.ENDM
    82
    20
